submitted anime_pizza 7d33288e-4782-4c4d-89a0-eb0894384549
submitted anime_darunfa d777bb1a-dd07-42bb-929d-8d383562f5cf
submitted anime_yuedao bb9a827b-7d9b-4499-aa6e-3ec5f7cf1a98
submitted anime_shouxihu 44f45a65-aaab-45c5-bed2-0853463808e0
submitted anime_bund ec500d61-66b8-4676-9c54-730b1902afb2
submitted anime_hainan 848a6d75-3dd7-46db-ab0d-12cd5e84361c
submitted anime_suzhou 613cb186-a5c4-4b2e-a615-7fda86ec5986
submitted anime_gugong 4cd2f9be-f044-4e93-aebf-23178cc463c8
submitted anime_tianjin 7f62ad8c-e300-427e-b809-8234938722df
submitted anime_haeundae d5ac96b5-b005-4e49-997e-aeb2f7aa4a26
submitted anime_seoul ae51b40e-b4f9-4b44-a3e8-a7372bb848b5
submitted anime_future 971b9f0c-8fa1-4bf6-b61c-96214619ddd9
done anime_pizza 1567714
done anime_darunfa 1628290
done anime_yuedao 1461059
done anime_shouxihu 1757293
done anime_bund 1179738
done anime_hainan 1452091
done anime_suzhou 1838493
done anime_gugong 1673156
done anime_tianjin 1695844
done anime_haeundae 1405954
done anime_seoul 1363378
done anime_future 1677568
ALL DONE
